Archive member included because of file (symbol)

c:/myprograms/sublime text build 3126/gnu tools arm embedded/bin/../lib/gcc/arm-none-eabi/4.9.3/armv6-m\libgcc.a(_udivsi3.o)
                              ./out/obj/system_stm32f0xx.o (__aeabi_uidiv)
c:/myprograms/sublime text build 3126/gnu tools arm embedded/bin/../lib/gcc/arm-none-eabi/4.9.3/armv6-m\libgcc.a(_dvmd_tls.o)
                              c:/myprograms/sublime text build 3126/gnu tools arm embedded/bin/../lib/gcc/arm-none-eabi/4.9.3/armv6-m\libgcc.a(_udivsi3.o) (__aeabi_idiv0)

Allocating common symbols
Common symbol       size              file

delay_count         0x2               ./out/obj/func.o
GPIO_InitStructure  0x8               ./out/obj/main.o

Discarded input sections

 .text          0x00000000        0x0 ./out/obj/system_stm32f0xx.o
 .data          0x00000000        0x0 ./out/obj/system_stm32f0xx.o
 .bss           0x00000000        0x0 ./out/obj/system_stm32f0xx.o
 .text          0x00000000        0x0 ./out/obj/stm32f0xx_comp.o
 .data          0x00000000        0x0 ./out/obj/stm32f0xx_comp.o
 .bss           0x00000000        0x0 ./out/obj/stm32f0xx_comp.o
 .text.COMP_DeInit
                0x00000000        0xc ./out/obj/stm32f0xx_comp.o
 .text.COMP_Init
                0x00000000       0x30 ./out/obj/stm32f0xx_comp.o
 .text.COMP_StructInit
                0x00000000       0x10 ./out/obj/stm32f0xx_comp.o
 .text.COMP_Cmd
                0x00000000       0x28 ./out/obj/stm32f0xx_comp.o
 .text.COMP_SwitchCmd
                0x00000000       0x20 ./out/obj/stm32f0xx_comp.o
 .text.COMP_GetOutputLevel
                0x00000000       0x1c ./out/obj/stm32f0xx_comp.o
 .text.COMP_WindowCmd
                0x00000000       0x28 ./out/obj/stm32f0xx_comp.o
 .text.COMP_LockConfig
                0x00000000       0x18 ./out/obj/stm32f0xx_comp.o
 .debug_info    0x00000000      0x2a9 ./out/obj/stm32f0xx_comp.o
 .debug_abbrev  0x00000000      0x198 ./out/obj/stm32f0xx_comp.o
 .debug_loc     0x00000000      0x140 ./out/obj/stm32f0xx_comp.o
 .debug_aranges
                0x00000000       0x58 ./out/obj/stm32f0xx_comp.o
 .debug_ranges  0x00000000       0x48 ./out/obj/stm32f0xx_comp.o
 .debug_line    0x00000000      0x1f7 ./out/obj/stm32f0xx_comp.o
 .debug_str     0x00000000      0x2b3 ./out/obj/stm32f0xx_comp.o
 .comment       0x00000000       0x71 ./out/obj/stm32f0xx_comp.o
 .debug_frame   0x00000000       0x9c ./out/obj/stm32f0xx_comp.o
 .ARM.attributes
                0x00000000       0x31 ./out/obj/stm32f0xx_comp.o
 .text          0x00000000        0x0 ./out/obj/stm32f0xx_gpio.o
 .data          0x00000000        0x0 ./out/obj/stm32f0xx_gpio.o
 .bss           0x00000000        0x0 ./out/obj/stm32f0xx_gpio.o
 .text.GPIO_DeInit
                0x00000000       0xc0 ./out/obj/stm32f0xx_gpio.o
 .text.GPIO_StructInit
                0x00000000       0x18 ./out/obj/stm32f0xx_gpio.o
 .text.GPIO_PinLockConfig
                0x00000000       0x24 ./out/obj/stm32f0xx_gpio.o
 .text.GPIO_ReadInputDataBit
                0x00000000        0xc ./out/obj/stm32f0xx_gpio.o
 .text.GPIO_ReadInputData
                0x00000000        0x8 ./out/obj/stm32f0xx_gpio.o
 .text.GPIO_ReadOutputDataBit
                0x00000000        0xc ./out/obj/stm32f0xx_gpio.o
 .text.GPIO_ReadOutputData
                0x00000000        0x8 ./out/obj/stm32f0xx_gpio.o
 .text.GPIO_WriteBit
                0x00000000        0xc ./out/obj/stm32f0xx_gpio.o
 .text.GPIO_Write
                0x00000000        0x4 ./out/obj/stm32f0xx_gpio.o
 .text.GPIO_PinAFConfig
                0x00000000       0x24 ./out/obj/stm32f0xx_gpio.o
 .text          0x00000000        0x0 ./out/obj/stm32f0xx_spi.o
 .data          0x00000000        0x0 ./out/obj/stm32f0xx_spi.o
 .bss           0x00000000        0x0 ./out/obj/stm32f0xx_spi.o
 .text.SPI_I2S_DeInit
                0x00000000       0x44 ./out/obj/stm32f0xx_spi.o
 .text.SPI_StructInit
                0x00000000       0x1c ./out/obj/stm32f0xx_spi.o
 .text.SPI_Init
                0x00000000       0x54 ./out/obj/stm32f0xx_spi.o
 .text.I2S_StructInit
                0x00000000       0x14 ./out/obj/stm32f0xx_spi.o
 .text.I2S_Init
                0x00000000       0xb4 ./out/obj/stm32f0xx_spi.o
 .text.SPI_Cmd  0x00000000       0x18 ./out/obj/stm32f0xx_spi.o
 .text.SPI_TIModeCmd
                0x00000000       0x18 ./out/obj/stm32f0xx_spi.o
 .text.I2S_Cmd  0x00000000       0x20 ./out/obj/stm32f0xx_spi.o
 .text.SPI_DataSizeConfig
                0x00000000       0x10 ./out/obj/stm32f0xx_spi.o
 .text.SPI_RxFIFOThresholdConfig
                0x00000000       0x14 ./out/obj/stm32f0xx_spi.o
 .text.SPI_BiDirectionalLineConfig
                0x00000000       0x20 ./out/obj/stm32f0xx_spi.o
 .text.SPI_NSSInternalSoftwareConfig
                0x00000000       0x24 ./out/obj/stm32f0xx_spi.o
 .text.SPI_SSOutputCmd
                0x00000000       0x18 ./out/obj/stm32f0xx_spi.o
 .text.SPI_NSSPulseModeCmd
                0x00000000       0x18 ./out/obj/stm32f0xx_spi.o
[...]
Memory Configuration

Name             Origin             Length             Attributes
RAM              0x20000000         0x00001000         xrw
FLASH            0x08000000         0x00004000         xr
*default*        0x00000000         0xffffffff

Linker script and memory map

LOAD ./out/obj/system_stm32f0xx.o
LOAD ./out/obj/stm32f0xx_comp.o
LOAD ./out/obj/stm32f0xx_gpio.o
LOAD ./out/obj/stm32f0xx_spi.o
LOAD ./out/obj/stm32f0xx_tim.o
LOAD ./out/obj/stm32f0xx_adc.o
LOAD ./out/obj/stm32f0xx_iwdg.o
LOAD ./out/obj/stm32f0xx_misc.o
LOAD ./out/obj/stm32f0xx_cec.o
LOAD ./out/obj/stm32f0xx_dac.o
LOAD ./out/obj/stm32f0xx_usart.o
LOAD ./out/obj/stm32f0xx_crc.o
LOAD ./out/obj/stm32f0xx_syscfg.o
LOAD ./out/obj/stm32f0xx_flash.o
LOAD ./out/obj/stm32f0xx_rcc.o
LOAD ./out/obj/stm32f0xx_crs.o
LOAD ./out/obj/stm32f0xx_i2c.o
LOAD ./out/obj/stm32f0xx_pwr.o
LOAD ./out/obj/stm32f0xx_rtc.o
LOAD ./out/obj/stm32f0xx_can.o
LOAD ./out/obj/stm32f0xx_dbgmcu.o
LOAD ./out/obj/stm32f0xx_dma.o
LOAD ./out/obj/stm32f0xx_wwdg.o
LOAD ./out/obj/stm32f0xx_exti.o
LOAD ./out/obj/func.o
LOAD ./out/obj/main.o
LOAD ./out/obj/startup_stm32f030x6.o
START GROUP
LOAD c:/myprograms/sublime text build 3126/gnu tools arm embedded/bin/../lib/gcc/arm-none-eabi/4.9.3/armv6-m\libgcc.a
LOAD c:/myprograms/sublime text build 3126/gnu tools arm embedded/bin/../lib/gcc/arm-none-eabi/4.9.3/../../../../arm-none-eabi/lib/armv6-m\libc.a
END GROUP
                0x20001000                _estack = 0x20001000
                0x00000200                _Min_Heap_Size = 0x200
                0x00000400                _Min_Stack_Size = 0x400

.isr_vector     0x08000000       0xc0
                0x08000000                . = ALIGN (0x4)
 *(.isr_vector)
 .isr_vector    0x08000000       0xc0 ./out/obj/startup_stm32f030x6.o
                0x08000000                g_pfnVectors
                0x080000c0                . = ALIGN (0x4)

.text           0x080000c0      0x4e0
                0x080000c0                . = ALIGN (0x4)
 *(.text)
 .text          0x080000c0      0x120 c:/myprograms/sublime text build 3126/gnu tools arm embedded/bin/../lib/gcc/arm-none-eabi/4.9.3/armv6-m\libgcc.a(_udivsi3.o)
                0x080000c0                __aeabi_uidiv
                0x080000c0                __udivsi3
                0x080001cc                __aeabi_uidivmod
 .text          0x080001e0        0x4 c:/myprograms/sublime text build 3126/gnu tools arm embedded/bin/../lib/gcc/arm-none-eabi/4.9.3/armv6-m\libgcc.a(_dvmd_tls.o)
                0x080001e0                __aeabi_idiv0
                0x080001e0                __aeabi_ldiv0
 *(.text*)
 .text.SystemInit
                0x080001e4      0x108 ./out/obj/system_stm32f0xx.o
                0x080001e4                SystemInit
 .text.SystemCoreClockUpdate
                0x080002ec       0x90 ./out/obj/system_stm32f0xx.o
                0x080002ec                SystemCoreClockUpdate
 .text.GPIO_Init
                0x0800037c       0xa4 ./out/obj/stm32f0xx_gpio.o
                0x0800037c                GPIO_Init
 .text.GPIO_SetBits
                0x08000420        0x4 ./out/obj/stm32f0xx_gpio.o
                0x08000420                GPIO_SetBits
 .text.GPIO_ResetBits
                0x08000424        0x4 ./out/obj/stm32f0xx_gpio.o
                0x08000424                GPIO_ResetBits
 .text.RCC_AHBPeriphClockCmd
                0x08000428       0x1c ./out/obj/stm32f0xx_rcc.o
                0x08000428                RCC_AHBPeriphClockCmd
 .text.SysTick_Handler
                0x08000444       0x1c ./out/obj/func.o
                0x08000444                SysTick_Handler
 .text.delay_ms
                0x08000460       0x14 ./out/obj/func.o
                0x08000460                delay_ms
 .text.main     0x08000474       0xdc ./out/obj/main.o
                0x08000474                main
 .text.Reset_Handler
                0x08000550       0x4c ./out/obj/startup_stm32f030x6.o
                0x08000550                Reset_Handler
 .text.Default_Handler
                0x0800059c        0x2 ./out/obj/startup_stm32f030x6.o
                0x0800059c                TIM1_CC_IRQHandler
                0x0800059c                HardFault_Handler
                0x0800059c                PendSV_Handler
                0x0800059c                NMI_Handler
                0x0800059c                I2C1_IRQHandler
                0x0800059c                SPI1_IRQHandler
                0x0800059c                EXTI2_3_IRQHandler
                0x0800059c                ADC1_IRQHandler
                0x0800059c                TIM17_IRQHandler
                0x0800059c                RTC_IRQHandler
                0x0800059c                TIM16_IRQHandler
                0x0800059c                TIM3_IRQHandler
                0x0800059c                EXTI4_15_IRQHandler
                0x0800059c                RCC_IRQHandler
                0x0800059c                DMA1_Channel1_IRQHandler
                0x0800059c                Default_Handler
                0x0800059c                TIM14_IRQHandler
                0x0800059c                DMA1_Channel4_5_IRQHandler
                0x0800059c                EXTI0_1_IRQHandler
                0x0800059c                SVC_Handler
                0x0800059c                WWDG_IRQHandler
                0x0800059c                DMA1_Channel2_3_IRQHandler
                0x0800059c                FLASH_IRQHandler
                0x0800059c                USART1_IRQHandler
                0x0800059c                TIM1_BRK_UP_TRG_COM_IRQHandler
 *(.glue_7)
 .glue_7        0x00000000        0x0 linker stubs
 *(.glue_7t)
 .glue_7t       0x00000000        0x0 linker stubs
 *(.eh_frame)
 *(.init)
 *(.fini)
                0x080005a0                . = ALIGN (0x4)
 *fill*         0x0800059e        0x2 
                0x080005a0                _etext = .

.vfp11_veneer   0x080005a0        0x0
 .vfp11_veneer  0x00000000        0x0 linker stubs

.v4_bx          0x080005a0        0x0
 .v4_bx         0x00000000        0x0 linker stubs

.iplt           0x080005a0        0x0
 .iplt          0x00000000        0x0 ./out/obj/system_stm32f0xx.o

.rel.dyn        0x080005a0        0x0
 .rel.iplt      0x00000000        0x0 ./out/obj/system_stm32f0xx.o

.rodata         0x080005a0        0x0
                0x080005a0                . = ALIGN (0x4)
 *(.rodata)
 *(.rodata*)
                0x080005a0                . = ALIGN (0x4)

.ARM.extab
 *(.ARM.extab* .gnu.linkonce.armextab.*)

.ARM            0x080005a0        0x0
                0x080005a0                __exidx_start = .
 *(.ARM.exidx*)
                0x080005a0                __exidx_end = .

.preinit_array  0x080005a0        0x0
                0x080005a0                PROVIDE (__preinit_array_start, .)
 *(.preinit_array*)
                0x080005a0                PROVIDE (__preinit_array_end, .)

.init_array     0x080005a0        0x0
                0x080005a0                PROVIDE (__init_array_start, .)
 *(SORT(.init_array.*))
 *(.init_array*)
                0x080005a0                PROVIDE (__init_array_end, .)

.fini_array     0x080005a0        0x0
                0x080005a0                PROVIDE (__fini_array_start, .)
 *(SORT(.fini_array.*))
 *(.fini_array*)
                0x080005a0                PROVIDE (__fini_array_end, .)
                0x080005a0                _sidata = LOADADDR (.data)

.data           0x20000000       0x14 load address 0x080005a0
                0x20000000                . = ALIGN (0x4)
                0x20000000                _sdata = .
 *(.data)
 *(.data*)
 .data.AHBPrescTable
                0x20000000       0x10 ./out/obj/system_stm32f0xx.o
                0x20000000                AHBPrescTable
 .data.SystemCoreClock
                0x20000010        0x4 ./out/obj/system_stm32f0xx.o
                0x20000010                SystemCoreClock
                0x20000014                . = ALIGN (0x4)
                0x20000014                _edata = .

.igot.plt       0x20000014        0x0 load address 0x080005b4
 .igot.plt      0x00000000        0x0 ./out/obj/system_stm32f0xx.o
                0x20000014                . = ALIGN (0x4)

.bss            0x20000014        0xc load address 0x080005b4
                0x20000014                _sbss = .
                0x20000014                __bss_start__ = _sbss
 *(.bss)
 *(.bss*)
 *(COMMON)
 COMMON         0x20000014        0x2 ./out/obj/func.o
                0x20000014                delay_count
 *fill*         0x20000016        0x2 
 COMMON         0x20000018        0x8 ./out/obj/main.o
                0x20000018                GPIO_InitStructure
                0x20000020                . = ALIGN (0x4)
                0x20000020                _ebss = .
                0x20000020                __bss_end__ = _ebss

._user_heap_stack
                0x20000020      0x600 load address 0x080005b4
                0x20000020                . = ALIGN (0x8)
                0x20000020                PROVIDE (end, .)
                0x20000020                PROVIDE (_end, .)
                0x20000220                . = (. + _Min_Heap_Size)
 *fill*         0x20000020      0x200 
                0x20000620                . = (. + _Min_Stack_Size)
 *fill*         0x20000220      0x400 
                0x20000620                . = ALIGN (0x8)

/DISCARD/
 libc.a(*)
 libm.a(*)
 libgcc.a(*)

.ARM.attributes
                0x00000000       0x2f
 *(.ARM.attributes)
 .ARM.attributes
                0x00000000       0x31 ./out/obj/system_stm32f0xx.o
 .ARM.attributes
                0x00000031       0x31 ./out/obj/stm32f0xx_gpio.o
 .ARM.attributes
                0x00000062       0x31 ./out/obj/stm32f0xx_rcc.o
 .ARM.attributes
                0x00000093       0x31 ./out/obj/func.o
 .ARM.attributes
                0x000000c4       0x31 ./out/obj/main.o
 .ARM.attributes
                0x000000f5       0x21 ./out/obj/startup_stm32f030x6.o
 .ARM.attributes
                0x00000116       0x1e c:/myprograms/sublime text build 3126/gnu tools arm embedded/bin/../lib/gcc/arm-none-eabi/4.9.3/armv6-m\libgcc.a(_udivsi3.o)
 .ARM.attributes
                0x00000134       0x1e c:/myprograms/sublime text build 3126/gnu tools arm embedded/bin/../lib/gcc/arm-none-eabi/4.9.3/armv6-m\libgcc.a(_dvmd_tls.o)
OUTPUT(./out/hex/armf.elf elf32-littlearm)

.debug_info     0x00000000     0x1f97
 .debug_info    0x00000000      0x356 ./out/obj/system_stm32f0xx.o
 .debug_info    0x00000356      0x786 ./out/obj/stm32f0xx_gpio.o
 .debug_info    0x00000adc      0xb65 ./out/obj/stm32f0xx_rcc.o
 .debug_info    0x00001641       0xe0 ./out/obj/func.o
 .debug_info    0x00001721      0x808 ./out/obj/main.o
 .debug_info    0x00001f29       0x6e ./out/obj/startup_stm32f030x6.o

.debug_abbrev   0x00000000      0x857
 .debug_abbrev  0x00000000      0x152 ./out/obj/system_stm32f0xx.o
 .debug_abbrev  0x00000152      0x20a ./out/obj/stm32f0xx_gpio.o
 .debug_abbrev  0x0000035c      0x24c ./out/obj/stm32f0xx_rcc.o
 .debug_abbrev  0x000005a8       0x92 ./out/obj/func.o
 .debug_abbrev  0x0000063a      0x20b ./out/obj/main.o
 .debug_abbrev  0x00000845       0x12 ./out/obj/startup_stm32f030x6.o

.debug_loc      0x00000000      0xf16
 .debug_loc     0x00000000      0x153 ./out/obj/system_stm32f0xx.o
 .debug_loc     0x00000153      0x330 ./out/obj/stm32f0xx_gpio.o
 .debug_loc     0x00000483      0xa2a ./out/obj/stm32f0xx_rcc.o
 .debug_loc     0x00000ead       0x69 ./out/obj/main.o

.debug_aranges  0x00000000      0x278
 .debug_aranges
                0x00000000       0x28 ./out/obj/system_stm32f0xx.o
 .debug_aranges
                0x00000028       0x80 ./out/obj/stm32f0xx_gpio.o
 .debug_aranges
                0x000000a8      0x160 ./out/obj/stm32f0xx_rcc.o
 .debug_aranges
                0x00000208       0x28 ./out/obj/func.o
 .debug_aranges
                0x00000230       0x20 ./out/obj/main.o
 .debug_aranges
                0x00000250       0x28 ./out/obj/startup_stm32f030x6.o

.debug_ranges   0x00000000      0x220
 .debug_ranges  0x00000000       0x18 ./out/obj/system_stm32f0xx.o
 .debug_ranges  0x00000018       0x70 ./out/obj/stm32f0xx_gpio.o
 .debug_ranges  0x00000088      0x150 ./out/obj/stm32f0xx_rcc.o
 .debug_ranges  0x000001d8       0x18 ./out/obj/func.o
 .debug_ranges  0x000001f0       0x10 ./out/obj/main.o
 .debug_ranges  0x00000200       0x20 ./out/obj/startup_stm32f030x6.o

.debug_line     0x00000000      0xcb1
 .debug_line    0x00000000      0x174 ./out/obj/system_stm32f0xx.o
 .debug_line    0x00000174      0x295 ./out/obj/stm32f0xx_gpio.o
 .debug_line    0x00000409      0x502 ./out/obj/stm32f0xx_rcc.o
 .debug_line    0x0000090b      0x133 ./out/obj/func.o
 .debug_line    0x00000a3e      0x1f2 ./out/obj/main.o
 .debug_line    0x00000c30       0x81 ./out/obj/startup_stm32f030x6.o

.debug_str      0x00000000      0xd35
 .debug_str     0x00000000      0x241 ./out/obj/system_stm32f0xx.o
                                0x2a8 (size before relaxing)
 .debug_str     0x00000241      0x342 ./out/obj/stm32f0xx_gpio.o
                                0x4ce (size before relaxing)
 .debug_str     0x00000583      0x51e ./out/obj/stm32f0xx_rcc.o
                                0x7bb (size before relaxing)
 .debug_str     0x00000aa1       0x47 ./out/obj/func.o
                                0x1a8 (size before relaxing)
 .debug_str     0x00000ae8      0x24d ./out/obj/main.o
                                0x5ec (size before relaxing)

.comment        0x00000000       0x70
 .comment       0x00000000       0x70 ./out/obj/system_stm32f0xx.o
                                 0x71 (size before relaxing)
 .comment       0x00000000       0x71 ./out/obj/stm32f0xx_gpio.o
 .comment       0x00000000       0x71 ./out/obj/stm32f0xx_rcc.o
 .comment       0x00000000       0x71 ./out/obj/func.o
 .comment       0x00000000       0x71 ./out/obj/main.o

.debug_frame    0x00000000      0x4a8
 .debug_frame   0x00000000       0x40 ./out/obj/system_stm32f0xx.o
 .debug_frame   0x00000040      0x118 ./out/obj/stm32f0xx_gpio.o
 .debug_frame   0x00000158      0x2c8 ./out/obj/stm32f0xx_rcc.o
 .debug_frame   0x00000420       0x30 ./out/obj/func.o
 .debug_frame   0x00000450       0x38 ./out/obj/main.o
 .debug_frame   0x00000488       0x20 c:/myprograms/sublime text build 3126/gnu tools arm embedded/bin/../lib/gcc/arm-none-eabi/4.9.3/armv6-m\libgcc.a(_udivsi3.o)

Cross Reference Table

Symbol                                            File
ADC1_IRQHandler                                   ./out/obj/startup_stm32f030x6.o
ADC_AnalogWatchdogCmd                             ./out/obj/stm32f0xx_adc.o
ADC_AnalogWatchdogSingleChannelCmd                ./out/obj/stm32f0xx_adc.o
ADC_AnalogWatchdogSingleChannelConfig             ./out/obj/stm32f0xx_adc.o
ADC_AnalogWatchdogThresholdsConfig                ./out/obj/stm32f0xx_adc.o
ADC_AutoPowerOffCmd                               ./out/obj/stm32f0xx_adc.o
ADC_ChannelConfig                                 ./out/obj/stm32f0xx_adc.o
ADC_ClearFlag                                     ./out/obj/stm32f0xx_adc.o
ADC_ClearITPendingBit                             ./out/obj/stm32f0xx_adc.o
ADC_ClockModeConfig                               ./out/obj/stm32f0xx_adc.o
ADC_Cmd                                           ./out/obj/stm32f0xx_adc.o
ADC_ContinuousModeCmd                             ./out/obj/stm32f0xx_adc.o
ADC_DMACmd                                        ./out/obj/stm32f0xx_adc.o
ADC_DMARequestModeConfig                          ./out/obj/stm32f0xx_adc.o
ADC_DeInit                                        ./out/obj/stm32f0xx_adc.o
ADC_DiscModeCmd                                   ./out/obj/stm32f0xx_adc.o
ADC_GetCalibrationFactor                          ./out/obj/stm32f0xx_adc.o
ADC_GetConversionValue                            ./out/obj/stm32f0xx_adc.o
ADC_GetFlagStatus                                 ./out/obj/stm32f0xx_adc.o
ADC_GetITStatus                                   ./out/obj/stm32f0xx_adc.o
ADC_ITConfig                                      ./out/obj/stm32f0xx_adc.o
ADC_Init                                          ./out/obj/stm32f0xx_adc.o
ADC_JitterCmd                                     ./out/obj/stm32f0xx_adc.o
ADC_OverrunModeCmd                                ./out/obj/stm32f0xx_adc.o
ADC_StartOfConversion                             ./out/obj/stm32f0xx_adc.o
ADC_StopOfConversion                              ./out/obj/stm32f0xx_adc.o
ADC_StructInit                                    ./out/obj/stm32f0xx_adc.o
ADC_TempSensorCmd                                 ./out/obj/stm32f0xx_adc.o
ADC_VbatCmd                                       ./out/obj/stm32f0xx_adc.o
ADC_VrefintCmd                                    ./out/obj/stm32f0xx_adc.o
ADC_WaitModeCmd                                   ./out/obj/stm32f0xx_adc.o
AHBPrescTable                                     ./out/obj/system_stm32f0xx.o
CAN_CancelTransmit                                ./out/obj/stm32f0xx_can.o
CAN_ClearFlag                                     ./out/obj/stm32f0xx_can.o
CAN_ClearITPendingBit                             ./out/obj/stm32f0xx_can.o
CAN_DBGFreeze                                     ./out/obj/stm32f0xx_can.o
CAN_DeInit                                        ./out/obj/stm32f0xx_can.o
CAN_FIFORelease                                   ./out/obj/stm32f0xx_can.o
CAN_FilterInit                                    ./out/obj/stm32f0xx_can.o
CAN_GetFlagStatus                                 ./out/obj/stm32f0xx_can.o
CAN_GetITStatus                                   ./out/obj/stm32f0xx_can.o
CAN_GetLSBTransmitErrorCounter                    ./out/obj/stm32f0xx_can.o
CAN_GetLastErrorCode                              ./out/obj/stm32f0xx_can.o
CAN_GetReceiveErrorCounter                        ./out/obj/stm32f0xx_can.o
CAN_ITConfig                                      ./out/obj/stm32f0xx_can.o
CAN_Init                                          ./out/obj/stm32f0xx_can.o
CAN_MessagePending                                ./out/obj/stm32f0xx_can.o
CAN_OperatingModeRequest                          ./out/obj/stm32f0xx_can.o
CAN_Receive                                       ./out/obj/stm32f0xx_can.o
CAN_SlaveStartBank                                ./out/obj/stm32f0xx_can.o
CAN_Sleep                                         ./out/obj/stm32f0xx_can.o
CAN_StructInit                                    ./out/obj/stm32f0xx_can.o
CAN_TTComModeCmd                                  ./out/obj/stm32f0xx_can.o
CAN_Transmit                                      ./out/obj/stm32f0xx_can.o
CAN_TransmitStatus                                ./out/obj/stm32f0xx_can.o
CAN_WakeUp                                        ./out/obj/stm32f0xx_can.o
CEC_ClearFlag                                     ./out/obj/stm32f0xx_cec.o
CEC_ClearITPendingBit                             ./out/obj/stm32f0xx_cec.o
CEC_Cmd                                           ./out/obj/stm32f0xx_cec.o
CEC_DeInit                                        ./out/obj/stm32f0xx_cec.o
CEC_EndOfMessage                                  ./out/obj/stm32f0xx_cec.o
CEC_GetFlagStatus                                 ./out/obj/stm32f0xx_cec.o
CEC_GetITStatus                                   ./out/obj/stm32f0xx_cec.o
CEC_ITConfig                                      ./out/obj/stm32f0xx_cec.o
CEC_Init                                          ./out/obj/stm32f0xx_cec.o
CEC_ListenModeCmd                                 ./out/obj/stm32f0xx_cec.o
CEC_OwnAddressClear                               ./out/obj/stm32f0xx_cec.o
CEC_OwnAddressConfig                              ./out/obj/stm32f0xx_cec.o
CEC_ReceiveData                                   ./out/obj/stm32f0xx_cec.o
CEC_SendData                                      ./out/obj/stm32f0xx_cec.o
CEC_StartOfMessage                                ./out/obj/stm32f0xx_cec.o
CEC_StructInit                                    ./out/obj/stm32f0xx_cec.o
COMP_Cmd                                          ./out/obj/stm32f0xx_comp.o
COMP_DeInit                                       ./out/obj/stm32f0xx_comp.o
COMP_GetOutputLevel                               ./out/obj/stm32f0xx_comp.o
COMP_Init                                         ./out/obj/stm32f0xx_comp.o
COMP_LockConfig                                   ./out/obj/stm32f0xx_comp.o
COMP_StructInit                                   ./out/obj/stm32f0xx_comp.o
COMP_SwitchCmd                                    ./out/obj/stm32f0xx_comp.o
COMP_WindowCmd                                    ./out/obj/stm32f0xx_comp.o
CRC_CalcBlockCRC                                  ./out/obj/stm32f0xx_crc.o
CRC_CalcCRC                                       ./out/obj/stm32f0xx_crc.o
CRC_CalcCRC16bits                                 ./out/obj/stm32f0xx_crc.o
CRC_CalcCRC8bits                                  ./out/obj/stm32f0xx_crc.o
CRC_DeInit                                        ./out/obj/stm32f0xx_crc.o
CRC_GetCRC                                        ./out/obj/stm32f0xx_crc.o
CRC_GetIDRegister                                 ./out/obj/stm32f0xx_crc.o
CRC_PolynomialSizeSelect                          ./out/obj/stm32f0xx_crc.o
CRC_ResetDR                                       ./out/obj/stm32f0xx_crc.o
CRC_ReverseInputDataSelect                        ./out/obj/stm32f0xx_crc.o
CRC_ReverseOutputDataCmd                          ./out/obj/stm32f0xx_crc.o
CRC_SetIDRegister                                 ./out/obj/stm32f0xx_crc.o
CRC_SetInitRegister                               ./out/obj/stm32f0xx_crc.o
CRC_SetPolynomial                                 ./out/obj/stm32f0xx_crc.o
CRS_AdjustHSI48CalibrationValue                   ./out/obj/stm32f0xx_crs.o
CRS_AutomaticCalibrationCmd                       ./out/obj/stm32f0xx_crs.o
CRS_ClearFlag                                     ./out/obj/stm32f0xx_crs.o
CRS_ClearITPendingBit                             ./out/obj/stm32f0xx_crs.o
CRS_DeInit                                        ./out/obj/stm32f0xx_crs.o
CRS_FrequencyErrorCounterCmd                      ./out/obj/stm32f0xx_crs.o
CRS_FrequencyErrorCounterReload                   ./out/obj/stm32f0xx_crs.o
CRS_FrequencyErrorLimitConfig                     ./out/obj/stm32f0xx_crs.o
CRS_GetFlagStatus                                 ./out/obj/stm32f0xx_crs.o
CRS_GetFrequencyErrorDirection                    ./out/obj/stm32f0xx_crs.o
CRS_GetFrequencyErrorValue                        ./out/obj/stm32f0xx_crs.o
CRS_GetHSI48CalibrationValue                      ./out/obj/stm32f0xx_crs.o
CRS_GetITStatus                                   ./out/obj/stm32f0xx_crs.o
CRS_GetReloadValue                                ./out/obj/stm32f0xx_crs.o
CRS_ITConfig                                      ./out/obj/stm32f0xx_crs.o
CRS_SoftwareSynchronizationGenerate               ./out/obj/stm32f0xx_crs.o
CRS_SynchronizationPolarityConfig                 ./out/obj/stm32f0xx_crs.o
CRS_SynchronizationPrescalerConfig                ./out/obj/stm32f0xx_crs.o
CRS_SynchronizationSourceConfig                   ./out/obj/stm32f0xx_crs.o
DAC_ClearFlag                                     ./out/obj/stm32f0xx_dac.o
DAC_ClearITPendingBit                             ./out/obj/stm32f0xx_dac.o
DAC_Cmd                                           ./out/obj/stm32f0xx_dac.o
DAC_DMACmd                                        ./out/obj/stm32f0xx_dac.o
DAC_DeInit                                        ./out/obj/stm32f0xx_dac.o
DAC_DualSoftwareTriggerCmd                        ./out/obj/stm32f0xx_dac.o
DAC_GetDataOutputValue                            ./out/obj/stm32f0xx_dac.o
DAC_GetFlagStatus                                 ./out/obj/stm32f0xx_dac.o
DAC_GetITStatus                                   ./out/obj/stm32f0xx_dac.o
DAC_ITConfig                                      ./out/obj/stm32f0xx_dac.o
DAC_Init                                          ./out/obj/stm32f0xx_dac.o
DAC_SetChannel1Data                               ./out/obj/stm32f0xx_dac.o
DAC_SetChannel2Data                               ./out/obj/stm32f0xx_dac.o
DAC_SetDualChannelData                            ./out/obj/stm32f0xx_dac.o
DAC_SoftwareTriggerCmd                            ./out/obj/stm32f0xx_dac.o
DAC_StructInit                                    ./out/obj/stm32f0xx_dac.o
DAC_WaveGenerationCmd                             ./out/obj/stm32f0xx_dac.o
DBGMCU_APB1PeriphConfig                           ./out/obj/stm32f0xx_dbgmcu.o
DBGMCU_APB2PeriphConfig                           ./out/obj/stm32f0xx_dbgmcu.o
DBGMCU_Config                                     ./out/obj/stm32f0xx_dbgmcu.o
DBGMCU_GetDEVID                                   ./out/obj/stm32f0xx_dbgmcu.o
DBGMCU_GetREVID                                   ./out/obj/stm32f0xx_dbgmcu.o
DMA1_Channel1_IRQHandler                          ./out/obj/startup_stm32f030x6.o
DMA1_Channel2_3_IRQHandler                        ./out/obj/startup_stm32f030x6.o
DMA1_Channel4_5_IRQHandler                        ./out/obj/startup_stm32f030x6.o
DMA_ClearFlag                                     ./out/obj/stm32f0xx_dma.o
DMA_ClearITPendingBit                             ./out/obj/stm32f0xx_dma.o
DMA_Cmd                                           ./out/obj/stm32f0xx_dma.o
DMA_DeInit                                        ./out/obj/stm32f0xx_dma.o
DMA_GetCurrDataCounter                            ./out/obj/stm32f0xx_dma.o
DMA_GetFlagStatus                                 ./out/obj/stm32f0xx_dma.o
DMA_GetITStatus                                   ./out/obj/stm32f0xx_dma.o
DMA_ITConfig                                      ./out/obj/stm32f0xx_dma.o
DMA_Init                                          ./out/obj/stm32f0xx_dma.o
DMA_RemapConfig                                   ./out/obj/stm32f0xx_dma.o
DMA_SetCurrDataCounter                            ./out/obj/stm32f0xx_dma.o
DMA_StructInit                                    ./out/obj/stm32f0xx_dma.o
Default_Handler                                   ./out/obj/startup_stm32f030x6.o
EXTI0_1_IRQHandler                                ./out/obj/startup_stm32f030x6.o
EXTI2_3_IRQHandler                                ./out/obj/startup_stm32f030x6.o
EXTI4_15_IRQHandler                               ./out/obj/startup_stm32f030x6.o
EXTI_ClearFlag                                    ./out/obj/stm32f0xx_exti.o
EXTI_ClearITPendingBit                            ./out/obj/stm32f0xx_exti.o
EXTI_DeInit                                       ./out/obj/stm32f0xx_exti.o
EXTI_GenerateSWInterrupt                          ./out/obj/stm32f0xx_exti.o
EXTI_GetFlagStatus                                ./out/obj/stm32f0xx_exti.o
EXTI_GetITStatus                                  ./out/obj/stm32f0xx_exti.o
EXTI_Init                                         ./out/obj/stm32f0xx_exti.o
EXTI_StructInit                                   ./out/obj/stm32f0xx_exti.o
FLASH_ClearFlag                                   ./out/obj/stm32f0xx_flash.o
FLASH_EraseAllPages                               ./out/obj/stm32f0xx_flash.o
FLASH_ErasePage                                   ./out/obj/stm32f0xx_flash.o
FLASH_GetFlagStatus                               ./out/obj/stm32f0xx_flash.o
FLASH_GetPrefetchBufferStatus                     ./out/obj/stm32f0xx_flash.o
FLASH_GetStatus                                   ./out/obj/stm32f0xx_flash.o
FLASH_IRQHandler                                  ./out/obj/startup_stm32f030x6.o
FLASH_ITConfig                                    ./out/obj/stm32f0xx_flash.o
FLASH_Lock                                        ./out/obj/stm32f0xx_flash.o
FLASH_OB_BOOT0Config                              ./out/obj/stm32f0xx_flash.o
FLASH_OB_BOOT0SWConfig                            ./out/obj/stm32f0xx_flash.o
FLASH_OB_BOOTConfig                               ./out/obj/stm32f0xx_flash.o
FLASH_OB_EnableWRP                                ./out/obj/stm32f0xx_flash.o
FLASH_OB_Erase                                    ./out/obj/stm32f0xx_flash.o
FLASH_OB_GetRDP                                   ./out/obj/stm32f0xx_flash.o
FLASH_OB_GetUser                                  ./out/obj/stm32f0xx_flash.o
FLASH_OB_GetWRP                                   ./out/obj/stm32f0xx_flash.o
FLASH_OB_Launch                                   ./out/obj/stm32f0xx_flash.o
FLASH_OB_Lock                                     ./out/obj/stm32f0xx_flash.o
FLASH_OB_ProgramData                              ./out/obj/stm32f0xx_flash.o
FLASH_OB_RDPConfig                                ./out/obj/stm32f0xx_flash.o
FLASH_OB_SRAMParityConfig                         ./out/obj/stm32f0xx_flash.o
FLASH_OB_Unlock                                   ./out/obj/stm32f0xx_flash.o
FLASH_OB_UserConfig                               ./out/obj/stm32f0xx_flash.o
FLASH_OB_VDDAConfig                               ./out/obj/stm32f0xx_flash.o
FLASH_OB_WriteUser                                ./out/obj/stm32f0xx_flash.o
FLASH_PrefetchBufferCmd                           ./out/obj/stm32f0xx_flash.o
FLASH_ProgramHalfWord                             ./out/obj/stm32f0xx_flash.o
FLASH_ProgramWord                                 ./out/obj/stm32f0xx_flash.o
FLASH_SetLatency                                  ./out/obj/stm32f0xx_flash.o
FLASH_Unlock                                      ./out/obj/stm32f0xx_flash.o
FLASH_WaitForLastOperation                        ./out/obj/stm32f0xx_flash.o
GPIO_DeInit                                       ./out/obj/stm32f0xx_gpio.o
GPIO_Init                                         ./out/obj/stm32f0xx_gpio.o
                                                  ./out/obj/main.o
GPIO_InitStructure                                ./out/obj/main.o
GPIO_PinAFConfig                                  ./out/obj/stm32f0xx_gpio.o
GPIO_PinLockConfig                                ./out/obj/stm32f0xx_gpio.o
GPIO_ReadInputData                                ./out/obj/stm32f0xx_gpio.o
GPIO_ReadInputDataBit                             ./out/obj/stm32f0xx_gpio.o
GPIO_ReadOutputData                               ./out/obj/stm32f0xx_gpio.o
GPIO_ReadOutputDataBit                            ./out/obj/stm32f0xx_gpio.o
GPIO_ResetBits                                    ./out/obj/stm32f0xx_gpio.o
                                                  ./out/obj/main.o
GPIO_SetBits                                      ./out/obj/stm32f0xx_gpio.o
                                                  ./out/obj/main.o
GPIO_StructInit                                   ./out/obj/stm32f0xx_gpio.o
GPIO_Write                                        ./out/obj/stm32f0xx_gpio.o
GPIO_WriteBit                                     ./out/obj/stm32f0xx_gpio.o
HardFault_Handler                                 ./out/obj/startup_stm32f030x6.o
I2C1_IRQHandler                                   ./out/obj/startup_stm32f030x6.o
I2C_10BitAddressHeaderCmd                         ./out/obj/stm32f0xx_i2c.o
I2C_10BitAddressingModeCmd                        ./out/obj/stm32f0xx_i2c.o
I2C_AcknowledgeConfig                             ./out/obj/stm32f0xx_i2c.o
I2C_AutoEndCmd                                    ./out/obj/stm32f0xx_i2c.o
I2C_CalculatePEC                                  ./out/obj/stm32f0xx_i2c.o
I2C_ClearFlag                                     ./out/obj/stm32f0xx_i2c.o
I2C_ClearITPendingBit                             ./out/obj/stm32f0xx_i2c.o
I2C_ClockTimeoutCmd                               ./out/obj/stm32f0xx_i2c.o
I2C_Cmd                                           ./out/obj/stm32f0xx_i2c.o
I2C_DMACmd                                        ./out/obj/stm32f0xx_i2c.o
I2C_DeInit                                        ./out/obj/stm32f0xx_i2c.o
I2C_DualAddressCmd                                ./out/obj/stm32f0xx_i2c.o
I2C_ExtendedClockTimeoutCmd                       ./out/obj/stm32f0xx_i2c.o
I2C_GeneralCallCmd                                ./out/obj/stm32f0xx_i2c.o
I2C_GenerateSTART                                 ./out/obj/stm32f0xx_i2c.o
I2C_GenerateSTOP                                  ./out/obj/stm32f0xx_i2c.o
I2C_GetAddressMatched                             ./out/obj/stm32f0xx_i2c.o
I2C_GetFlagStatus                                 ./out/obj/stm32f0xx_i2c.o
I2C_GetITStatus                                   ./out/obj/stm32f0xx_i2c.o
I2C_GetPEC                                        ./out/obj/stm32f0xx_i2c.o
I2C_GetTransferDirection                          ./out/obj/stm32f0xx_i2c.o
I2C_ITConfig                                      ./out/obj/stm32f0xx_i2c.o
I2C_IdleClockTimeoutCmd                           ./out/obj/stm32f0xx_i2c.o
I2C_Init                                          ./out/obj/stm32f0xx_i2c.o
I2C_MasterRequestConfig                           ./out/obj/stm32f0xx_i2c.o
I2C_NumberOfBytesConfig                           ./out/obj/stm32f0xx_i2c.o
I2C_OwnAddress2Config                             ./out/obj/stm32f0xx_i2c.o
I2C_PECRequestCmd                                 ./out/obj/stm32f0xx_i2c.o
I2C_ReadRegister                                  ./out/obj/stm32f0xx_i2c.o
I2C_ReceiveData                                   ./out/obj/stm32f0xx_i2c.o
I2C_ReloadCmd                                     ./out/obj/stm32f0xx_i2c.o
I2C_SMBusAlertCmd                                 ./out/obj/stm32f0xx_i2c.o
I2C_SendData                                      ./out/obj/stm32f0xx_i2c.o
I2C_SlaveAddressConfig                            ./out/obj/stm32f0xx_i2c.o
I2C_SlaveByteControlCmd                           ./out/obj/stm32f0xx_i2c.o
I2C_SoftwareResetCmd                              ./out/obj/stm32f0xx_i2c.o
I2C_StopModeCmd                                   ./out/obj/stm32f0xx_i2c.o
I2C_StretchClockCmd                               ./out/obj/stm32f0xx_i2c.o
I2C_StructInit                                    ./out/obj/stm32f0xx_i2c.o
I2C_TimeoutAConfig                                ./out/obj/stm32f0xx_i2c.o
I2C_TimeoutBConfig                                ./out/obj/stm32f0xx_i2c.o
I2C_TransferHandling                              ./out/obj/stm32f0xx_i2c.o
I2S_Cmd                                           ./out/obj/stm32f0xx_spi.o
I2S_Init                                          ./out/obj/stm32f0xx_spi.o
I2S_StructInit                                    ./out/obj/stm32f0xx_spi.o
IWDG_Enable                                       ./out/obj/stm32f0xx_iwdg.o
IWDG_GetFlagStatus                                ./out/obj/stm32f0xx_iwdg.o
IWDG_ReloadCounter                                ./out/obj/stm32f0xx_iwdg.o
IWDG_SetPrescaler                                 ./out/obj/stm32f0xx_iwdg.o
IWDG_SetReload                                    ./out/obj/stm32f0xx_iwdg.o
IWDG_SetWindowValue                               ./out/obj/stm32f0xx_iwdg.o
IWDG_WriteAccessCmd                               ./out/obj/stm32f0xx_iwdg.o
NMI_Handler                                       ./out/obj/startup_stm32f030x6.o
NVIC_Init                                         ./out/obj/stm32f0xx_misc.o
NVIC_SystemLPConfig                               ./out/obj/stm32f0xx_misc.o
PWR_BackupAccessCmd                               ./out/obj/stm32f0xx_pwr.o
PWR_ClearFlag                                     ./out/obj/stm32f0xx_pwr.o
PWR_DeInit                                        ./out/obj/stm32f0xx_pwr.o
PWR_EnterSTANDBYMode                              ./out/obj/stm32f0xx_pwr.o
PWR_EnterSTOPMode                                 ./out/obj/stm32f0xx_pwr.o
PWR_EnterSleepMode                                ./out/obj/stm32f0xx_pwr.o
PWR_GetFlagStatus                                 ./out/obj/stm32f0xx_pwr.o
PWR_PVDCmd                                        ./out/obj/stm32f0xx_pwr.o
PWR_PVDLevelConfig                                ./out/obj/stm32f0xx_pwr.o
PWR_WakeUpPinCmd                                  ./out/obj/stm32f0xx_pwr.o
PendSV_Handler                                    ./out/obj/startup_stm32f030x6.o
RCC_ADCCLKConfig                                  ./out/obj/stm32f0xx_rcc.o
RCC_AHBPeriphClockCmd                             ./out/obj/stm32f0xx_rcc.o
                                                  ./out/obj/main.o
RCC_AHBPeriphResetCmd                             ./out/obj/stm32f0xx_rcc.o
                                                  ./out/obj/stm32f0xx_gpio.o
RCC_APB1PeriphClockCmd                            ./out/obj/stm32f0xx_rcc.o
RCC_APB1PeriphResetCmd                            ./out/obj/stm32f0xx_rcc.o
                                                  ./out/obj/stm32f0xx_wwdg.o
                                                  ./out/obj/stm32f0xx_can.o
                                                  ./out/obj/stm32f0xx_pwr.o
                                                  ./out/obj/stm32f0xx_i2c.o
                                                  ./out/obj/stm32f0xx_crs.o
                                                  ./out/obj/stm32f0xx_usart.o
                                                  ./out/obj/stm32f0xx_dac.o
                                                  ./out/obj/stm32f0xx_cec.o
                                                  ./out/obj/stm32f0xx_tim.o
                                                  ./out/obj/stm32f0xx_spi.o
RCC_APB2PeriphClockCmd                            ./out/obj/stm32f0xx_rcc.o
RCC_APB2PeriphResetCmd                            ./out/obj/stm32f0xx_rcc.o
                                                  ./out/obj/stm32f0xx_usart.o
                                                  ./out/obj/stm32f0xx_adc.o
                                                  ./out/obj/stm32f0xx_tim.o
                                                  ./out/obj/stm32f0xx_spi.o
RCC_AdjustHSI14CalibrationValue                   ./out/obj/stm32f0xx_rcc.o
RCC_AdjustHSICalibrationValue                     ./out/obj/stm32f0xx_rcc.o
RCC_BackupResetCmd                                ./out/obj/stm32f0xx_rcc.o
RCC_CECCLKConfig                                  ./out/obj/stm32f0xx_rcc.o
RCC_ClearFlag                                     ./out/obj/stm32f0xx_rcc.o
RCC_ClearITPendingBit                             ./out/obj/stm32f0xx_rcc.o
RCC_ClockSecuritySystemCmd                        ./out/obj/stm32f0xx_rcc.o
RCC_DeInit                                        ./out/obj/stm32f0xx_rcc.o
RCC_GetClocksFreq                                 ./out/obj/stm32f0xx_rcc.o
                                                  ./out/obj/stm32f0xx_usart.o
                                                  ./out/obj/stm32f0xx_spi.o
RCC_GetFlagStatus                                 ./out/obj/stm32f0xx_rcc.o
RCC_GetITStatus                                   ./out/obj/stm32f0xx_rcc.o
RCC_GetSYSCLKSource                               ./out/obj/stm32f0xx_rcc.o
RCC_HCLKConfig                                    ./out/obj/stm32f0xx_rcc.o
RCC_HSEConfig                                     ./out/obj/stm32f0xx_rcc.o
RCC_HSI14ADCRequestCmd                            ./out/obj/stm32f0xx_rcc.o
RCC_HSI14Cmd                                      ./out/obj/stm32f0xx_rcc.o
RCC_HSI48Cmd                                      ./out/obj/stm32f0xx_rcc.o
RCC_HSICmd                                        ./out/obj/stm32f0xx_rcc.o
RCC_I2CCLKConfig                                  ./out/obj/stm32f0xx_rcc.o
RCC_IRQHandler                                    ./out/obj/startup_stm32f030x6.o
RCC_ITConfig                                      ./out/obj/stm32f0xx_rcc.o
RCC_LSEConfig                                     ./out/obj/stm32f0xx_rcc.o
RCC_LSEDriveConfig                                ./out/obj/stm32f0xx_rcc.o
RCC_LSICmd                                        ./out/obj/stm32f0xx_rcc.o
RCC_MCOConfig                                     ./out/obj/stm32f0xx_rcc.o
RCC_PCLKConfig                                    ./out/obj/stm32f0xx_rcc.o
RCC_PLLCmd                                        ./out/obj/stm32f0xx_rcc.o
RCC_PLLConfig                                     ./out/obj/stm32f0xx_rcc.o
RCC_PREDIV1Config                                 ./out/obj/stm32f0xx_rcc.o
RCC_RTCCLKCmd                                     ./out/obj/stm32f0xx_rcc.o
RCC_RTCCLKConfig                                  ./out/obj/stm32f0xx_rcc.o
RCC_SYSCLKConfig                                  ./out/obj/stm32f0xx_rcc.o
RCC_USARTCLKConfig                                ./out/obj/stm32f0xx_rcc.o
RCC_USBCLKConfig                                  ./out/obj/stm32f0xx_rcc.o
RCC_WaitForHSEStartUp                             ./out/obj/stm32f0xx_rcc.o
RTC_AlarmCmd                                      ./out/obj/stm32f0xx_rtc.o
RTC_AlarmStructInit                               ./out/obj/stm32f0xx_rtc.o
RTC_AlarmSubSecondConfig                          ./out/obj/stm32f0xx_rtc.o
RTC_BypassShadowCmd                               ./out/obj/stm32f0xx_rtc.o
RTC_CalibOutputCmd                                ./out/obj/stm32f0xx_rtc.o
RTC_CalibOutputConfig                             ./out/obj/stm32f0xx_rtc.o
RTC_ClearFlag                                     ./out/obj/stm32f0xx_rtc.o
RTC_ClearITPendingBit                             ./out/obj/stm32f0xx_rtc.o
RTC_DateStructInit                                ./out/obj/stm32f0xx_rtc.o
RTC_DayLightSavingConfig                          ./out/obj/stm32f0xx_rtc.o
RTC_DeInit                                        ./out/obj/stm32f0xx_rtc.o
RTC_EnterInitMode                                 ./out/obj/stm32f0xx_rtc.o
RTC_ExitInitMode                                  ./out/obj/stm32f0xx_rtc.o
RTC_GetAlarm                                      ./out/obj/stm32f0xx_rtc.o
RTC_GetAlarmSubSecond                             ./out/obj/stm32f0xx_rtc.o
RTC_GetDate                                       ./out/obj/stm32f0xx_rtc.o
RTC_GetFlagStatus                                 ./out/obj/stm32f0xx_rtc.o
RTC_GetITStatus                                   ./out/obj/stm32f0xx_rtc.o
RTC_GetStoreOperation                             ./out/obj/stm32f0xx_rtc.o
RTC_GetSubSecond                                  ./out/obj/stm32f0xx_rtc.o
RTC_GetTime                                       ./out/obj/stm32f0xx_rtc.o
RTC_GetTimeStamp                                  ./out/obj/stm32f0xx_rtc.o
RTC_GetTimeStampSubSecond                         ./out/obj/stm32f0xx_rtc.o
RTC_GetWakeUpCounter                              ./out/obj/stm32f0xx_rtc.o
RTC_IRQHandler                                    ./out/obj/startup_stm32f030x6.o
RTC_ITConfig                                      ./out/obj/stm32f0xx_rtc.o
RTC_Init                                          ./out/obj/stm32f0xx_rtc.o
RTC_OutputConfig                                  ./out/obj/stm32f0xx_rtc.o
RTC_OutputTypeConfig                              ./out/obj/stm32f0xx_rtc.o
RTC_ReadBackupRegister                            ./out/obj/stm32f0xx_rtc.o
RTC_RefClockCmd                                   ./out/obj/stm32f0xx_rtc.o
RTC_SetAlarm                                      ./out/obj/stm32f0xx_rtc.o
RTC_SetDate                                       ./out/obj/stm32f0xx_rtc.o
RTC_SetTime                                       ./out/obj/stm32f0xx_rtc.o
RTC_SetWakeUpCounter                              ./out/obj/stm32f0xx_rtc.o
RTC_SmoothCalibConfig                             ./out/obj/stm32f0xx_rtc.o
RTC_StructInit                                    ./out/obj/stm32f0xx_rtc.o
RTC_SynchroShiftConfig                            ./out/obj/stm32f0xx_rtc.o
RTC_TamperCmd                                     ./out/obj/stm32f0xx_rtc.o
RTC_TamperFilterConfig                            ./out/obj/stm32f0xx_rtc.o
RTC_TamperPinsPrechargeDuration                   ./out/obj/stm32f0xx_rtc.o
RTC_TamperPullUpCmd                               ./out/obj/stm32f0xx_rtc.o
RTC_TamperSamplingFreqConfig                      ./out/obj/stm32f0xx_rtc.o
RTC_TamperTriggerConfig                           ./out/obj/stm32f0xx_rtc.o
RTC_TimeStampCmd                                  ./out/obj/stm32f0xx_rtc.o
RTC_TimeStampOnTamperDetectionCmd                 ./out/obj/stm32f0xx_rtc.o
RTC_TimeStructInit                                ./out/obj/stm32f0xx_rtc.o
RTC_WaitForSynchro                                ./out/obj/stm32f0xx_rtc.o
RTC_WakeUpClockConfig                             ./out/obj/stm32f0xx_rtc.o
RTC_WakeUpCmd                                     ./out/obj/stm32f0xx_rtc.o
RTC_WriteBackupRegister                           ./out/obj/stm32f0xx_rtc.o
RTC_WriteProtectionCmd                            ./out/obj/stm32f0xx_rtc.o
Reset_Handler                                     ./out/obj/startup_stm32f030x6.o
SPI1_IRQHandler                                   ./out/obj/startup_stm32f030x6.o
SPI_BiDirectionalLineConfig                       ./out/obj/stm32f0xx_spi.o
SPI_CRCLengthConfig                               ./out/obj/stm32f0xx_spi.o
SPI_CalculateCRC                                  ./out/obj/stm32f0xx_spi.o
SPI_Cmd                                           ./out/obj/stm32f0xx_spi.o
SPI_DataSizeConfig                                ./out/obj/stm32f0xx_spi.o
SPI_GetCRC                                        ./out/obj/stm32f0xx_spi.o
SPI_GetCRCPolynomial                              ./out/obj/stm32f0xx_spi.o
SPI_GetReceptionFIFOStatus                        ./out/obj/stm32f0xx_spi.o
SPI_GetTransmissionFIFOStatus                     ./out/obj/stm32f0xx_spi.o
SPI_I2S_ClearFlag                                 ./out/obj/stm32f0xx_spi.o
SPI_I2S_DMACmd                                    ./out/obj/stm32f0xx_spi.o
SPI_I2S_DeInit                                    ./out/obj/stm32f0xx_spi.o
SPI_I2S_GetFlagStatus                             ./out/obj/stm32f0xx_spi.o
SPI_I2S_GetITStatus                               ./out/obj/stm32f0xx_spi.o
SPI_I2S_ITConfig                                  ./out/obj/stm32f0xx_spi.o
SPI_I2S_ReceiveData16                             ./out/obj/stm32f0xx_spi.o
SPI_I2S_SendData16                                ./out/obj/stm32f0xx_spi.o
SPI_Init                                          ./out/obj/stm32f0xx_spi.o
SPI_LastDMATransferCmd                            ./out/obj/stm32f0xx_spi.o
SPI_NSSInternalSoftwareConfig                     ./out/obj/stm32f0xx_spi.o
SPI_NSSPulseModeCmd                               ./out/obj/stm32f0xx_spi.o
SPI_ReceiveData8                                  ./out/obj/stm32f0xx_spi.o
SPI_RxFIFOThresholdConfig                         ./out/obj/stm32f0xx_spi.o
SPI_SSOutputCmd                                   ./out/obj/stm32f0xx_spi.o
SPI_SendData8                                     ./out/obj/stm32f0xx_spi.o
SPI_StructInit                                    ./out/obj/stm32f0xx_spi.o
SPI_TIModeCmd                                     ./out/obj/stm32f0xx_spi.o
SPI_TransmitCRC                                   ./out/obj/stm32f0xx_spi.o
SVC_Handler                                       ./out/obj/startup_stm32f030x6.o
SYSCFG_BreakConfig                                ./out/obj/stm32f0xx_syscfg.o
SYSCFG_ClearFlag                                  ./out/obj/stm32f0xx_syscfg.o
SYSCFG_DMAChannelRemapConfig                      ./out/obj/stm32f0xx_syscfg.o
SYSCFG_DeInit                                     ./out/obj/stm32f0xx_syscfg.o
SYSCFG_EXTILineConfig                             ./out/obj/stm32f0xx_syscfg.o
SYSCFG_GetFlagStatus                              ./out/obj/stm32f0xx_syscfg.o
SYSCFG_GetPendingIT                               ./out/obj/stm32f0xx_syscfg.o
SYSCFG_I2CFastModePlusConfig                      ./out/obj/stm32f0xx_syscfg.o
SYSCFG_IRDAEnvSelection                           ./out/obj/stm32f0xx_syscfg.o
SYSCFG_MemoryRemapConfig                          ./out/obj/stm32f0xx_syscfg.o
SysTick_CLKSourceConfig                           ./out/obj/stm32f0xx_misc.o
SysTick_Handler                                   ./out/obj/func.o
SystemCoreClock                                   ./out/obj/system_stm32f0xx.o
                                                  ./out/obj/main.o
SystemCoreClockUpdate                             ./out/obj/system_stm32f0xx.o
                                                  ./out/obj/main.o
SystemInit                                        ./out/obj/system_stm32f0xx.o
                                                  ./out/obj/startup_stm32f030x6.o
TIM14_IRQHandler                                  ./out/obj/startup_stm32f030x6.o
TIM16_IRQHandler                                  ./out/obj/startup_stm32f030x6.o
TIM17_IRQHandler                                  ./out/obj/startup_stm32f030x6.o
TIM1_BRK_UP_TRG_COM_IRQHandler                    ./out/obj/startup_stm32f030x6.o
TIM1_CC_IRQHandler                                ./out/obj/startup_stm32f030x6.o
TIM3_IRQHandler                                   ./out/obj/startup_stm32f030x6.o
TIM_ARRPreloadConfig                              ./out/obj/stm32f0xx_tim.o
TIM_BDTRConfig                                    ./out/obj/stm32f0xx_tim.o
TIM_BDTRStructInit                                ./out/obj/stm32f0xx_tim.o
TIM_CCPreloadControl                              ./out/obj/stm32f0xx_tim.o
TIM_CCxCmd                                        ./out/obj/stm32f0xx_tim.o
TIM_CCxNCmd                                       ./out/obj/stm32f0xx_tim.o
TIM_ClearFlag                                     ./out/obj/stm32f0xx_tim.o
TIM_ClearITPendingBit                             ./out/obj/stm32f0xx_tim.o
TIM_ClearOC1Ref                                   ./out/obj/stm32f0xx_tim.o
TIM_ClearOC2Ref                                   ./out/obj/stm32f0xx_tim.o
TIM_ClearOC3Ref                                   ./out/obj/stm32f0xx_tim.o
TIM_ClearOC4Ref                                   ./out/obj/stm32f0xx_tim.o
TIM_Cmd                                           ./out/obj/stm32f0xx_tim.o
TIM_CounterModeConfig                             ./out/obj/stm32f0xx_tim.o
TIM_CtrlPWMOutputs                                ./out/obj/stm32f0xx_tim.o
TIM_DMACmd                                        ./out/obj/stm32f0xx_tim.o
TIM_DMAConfig                                     ./out/obj/stm32f0xx_tim.o
TIM_DeInit                                        ./out/obj/stm32f0xx_tim.o
TIM_ETRClockMode1Config                           ./out/obj/stm32f0xx_tim.o
TIM_ETRClockMode2Config                           ./out/obj/stm32f0xx_tim.o
TIM_ETRConfig                                     ./out/obj/stm32f0xx_tim.o
TIM_EncoderInterfaceConfig                        ./out/obj/stm32f0xx_tim.o
TIM_ForcedOC1Config                               ./out/obj/stm32f0xx_tim.o
TIM_ForcedOC2Config                               ./out/obj/stm32f0xx_tim.o
TIM_ForcedOC3Config                               ./out/obj/stm32f0xx_tim.o
TIM_ForcedOC4Config                               ./out/obj/stm32f0xx_tim.o
TIM_GenerateEvent                                 ./out/obj/stm32f0xx_tim.o
TIM_GetCapture1                                   ./out/obj/stm32f0xx_tim.o
TIM_GetCapture2                                   ./out/obj/stm32f0xx_tim.o
TIM_GetCapture3                                   ./out/obj/stm32f0xx_tim.o
TIM_GetCapture4                                   ./out/obj/stm32f0xx_tim.o
TIM_GetCounter                                    ./out/obj/stm32f0xx_tim.o
TIM_GetFlagStatus                                 ./out/obj/stm32f0xx_tim.o
TIM_GetITStatus                                   ./out/obj/stm32f0xx_tim.o
TIM_GetPrescaler                                  ./out/obj/stm32f0xx_tim.o
TIM_ICInit                                        ./out/obj/stm32f0xx_tim.o
TIM_ICStructInit                                  ./out/obj/stm32f0xx_tim.o
TIM_ITConfig                                      ./out/obj/stm32f0xx_tim.o
TIM_ITRxExternalClockConfig                       ./out/obj/stm32f0xx_tim.o
TIM_InternalClockConfig                           ./out/obj/stm32f0xx_tim.o
TIM_OC1FastConfig                                 ./out/obj/stm32f0xx_tim.o
TIM_OC1Init                                       ./out/obj/stm32f0xx_tim.o
TIM_OC1NPolarityConfig                            ./out/obj/stm32f0xx_tim.o
TIM_OC1PolarityConfig                             ./out/obj/stm32f0xx_tim.o
TIM_OC1PreloadConfig                              ./out/obj/stm32f0xx_tim.o
TIM_OC2FastConfig                                 ./out/obj/stm32f0xx_tim.o
TIM_OC2Init                                       ./out/obj/stm32f0xx_tim.o
TIM_OC2NPolarityConfig                            ./out/obj/stm32f0xx_tim.o
TIM_OC2PolarityConfig                             ./out/obj/stm32f0xx_tim.o
TIM_OC2PreloadConfig                              ./out/obj/stm32f0xx_tim.o
TIM_OC3FastConfig                                 ./out/obj/stm32f0xx_tim.o
TIM_OC3Init                                       ./out/obj/stm32f0xx_tim.o
TIM_OC3NPolarityConfig                            ./out/obj/stm32f0xx_tim.o
TIM_OC3PolarityConfig                             ./out/obj/stm32f0xx_tim.o
TIM_OC3PreloadConfig                              ./out/obj/stm32f0xx_tim.o
TIM_OC4FastConfig                                 ./out/obj/stm32f0xx_tim.o
TIM_OC4Init                                       ./out/obj/stm32f0xx_tim.o
TIM_OC4PolarityConfig                             ./out/obj/stm32f0xx_tim.o
TIM_OC4PreloadConfig                              ./out/obj/stm32f0xx_tim.o
TIM_OCStructInit                                  ./out/obj/stm32f0xx_tim.o
TIM_PWMIConfig                                    ./out/obj/stm32f0xx_tim.o
TIM_PrescalerConfig                               ./out/obj/stm32f0xx_tim.o
TIM_RemapConfig                                   ./out/obj/stm32f0xx_tim.o
TIM_SelectCCDMA                                   ./out/obj/stm32f0xx_tim.o
TIM_SelectCOM                                     ./out/obj/stm32f0xx_tim.o
TIM_SelectHallSensor                              ./out/obj/stm32f0xx_tim.o
TIM_SelectInputTrigger                            ./out/obj/stm32f0xx_tim.o
TIM_SelectMasterSlaveMode                         ./out/obj/stm32f0xx_tim.o
TIM_SelectOCREFClear                              ./out/obj/stm32f0xx_tim.o
TIM_SelectOCxM                                    ./out/obj/stm32f0xx_tim.o
TIM_SelectOnePulseMode                            ./out/obj/stm32f0xx_tim.o
TIM_SelectOutputTrigger                           ./out/obj/stm32f0xx_tim.o
TIM_SelectSlaveMode                               ./out/obj/stm32f0xx_tim.o
TIM_SetAutoreload                                 ./out/obj/stm32f0xx_tim.o
TIM_SetClockDivision                              ./out/obj/stm32f0xx_tim.o
TIM_SetCompare1                                   ./out/obj/stm32f0xx_tim.o
TIM_SetCompare2                                   ./out/obj/stm32f0xx_tim.o
TIM_SetCompare3                                   ./out/obj/stm32f0xx_tim.o
TIM_SetCompare4                                   ./out/obj/stm32f0xx_tim.o
TIM_SetCounter                                    ./out/obj/stm32f0xx_tim.o
TIM_SetIC1Prescaler                               ./out/obj/stm32f0xx_tim.o
TIM_SetIC2Prescaler                               ./out/obj/stm32f0xx_tim.o
TIM_SetIC3Prescaler                               ./out/obj/stm32f0xx_tim.o
TIM_SetIC4Prescaler                               ./out/obj/stm32f0xx_tim.o
TIM_TIxExternalClockConfig                        ./out/obj/stm32f0xx_tim.o
TIM_TimeBaseInit                                  ./out/obj/stm32f0xx_tim.o
TIM_TimeBaseStructInit                            ./out/obj/stm32f0xx_tim.o
TIM_UpdateDisableConfig                           ./out/obj/stm32f0xx_tim.o
TIM_UpdateRequestConfig                           ./out/obj/stm32f0xx_tim.o
USART1_IRQHandler                                 ./out/obj/startup_stm32f030x6.o
USART_AddressDetectionConfig                      ./out/obj/stm32f0xx_usart.o
USART_AutoBaudRateCmd                             ./out/obj/stm32f0xx_usart.o
USART_AutoBaudRateConfig                          ./out/obj/stm32f0xx_usart.o
USART_ClearFlag                                   ./out/obj/stm32f0xx_usart.o
USART_ClearITPendingBit                           ./out/obj/stm32f0xx_usart.o
USART_ClockInit                                   ./out/obj/stm32f0xx_usart.o
USART_ClockStructInit                             ./out/obj/stm32f0xx_usart.o
USART_Cmd                                         ./out/obj/stm32f0xx_usart.o
USART_DECmd                                       ./out/obj/stm32f0xx_usart.o
USART_DEPolarityConfig                            ./out/obj/stm32f0xx_usart.o
USART_DMACmd                                      ./out/obj/stm32f0xx_usart.o
USART_DMAReceptionErrorConfig                     ./out/obj/stm32f0xx_usart.o
USART_DataInvCmd                                  ./out/obj/stm32f0xx_usart.o
USART_DeInit                                      ./out/obj/stm32f0xx_usart.o
USART_DirectionModeCmd                            ./out/obj/stm32f0xx_usart.o
USART_GetFlagStatus                               ./out/obj/stm32f0xx_usart.o
USART_GetITStatus                                 ./out/obj/stm32f0xx_usart.o
USART_HalfDuplexCmd                               ./out/obj/stm32f0xx_usart.o
USART_ITConfig                                    ./out/obj/stm32f0xx_usart.o
USART_Init                                        ./out/obj/stm32f0xx_usart.o
USART_InvPinCmd                                   ./out/obj/stm32f0xx_usart.o
USART_IrDACmd                                     ./out/obj/stm32f0xx_usart.o
USART_IrDAConfig                                  ./out/obj/stm32f0xx_usart.o
USART_LINBreakDetectLengthConfig                  ./out/obj/stm32f0xx_usart.o
USART_LINCmd                                      ./out/obj/stm32f0xx_usart.o
USART_MSBFirstCmd                                 ./out/obj/stm32f0xx_usart.o
USART_MuteModeCmd                                 ./out/obj/stm32f0xx_usart.o
USART_MuteModeWakeUpConfig                        ./out/obj/stm32f0xx_usart.o
USART_OneBitMethodCmd                             ./out/obj/stm32f0xx_usart.o
USART_OverSampling8Cmd                            ./out/obj/stm32f0xx_usart.o
USART_OverrunDetectionConfig                      ./out/obj/stm32f0xx_usart.o
USART_ReceiveData                                 ./out/obj/stm32f0xx_usart.o
USART_ReceiverTimeOutCmd                          ./out/obj/stm32f0xx_usart.o
USART_RequestCmd                                  ./out/obj/stm32f0xx_usart.o
USART_STOPModeCmd                                 ./out/obj/stm32f0xx_usart.o
USART_SWAPPinCmd                                  ./out/obj/stm32f0xx_usart.o
USART_SendData                                    ./out/obj/stm32f0xx_usart.o
USART_SetAddress                                  ./out/obj/stm32f0xx_usart.o
USART_SetAutoRetryCount                           ./out/obj/stm32f0xx_usart.o
USART_SetBlockLength                              ./out/obj/stm32f0xx_usart.o
USART_SetDEAssertionTime                          ./out/obj/stm32f0xx_usart.o
USART_SetDEDeassertionTime                        ./out/obj/stm32f0xx_usart.o
USART_SetGuardTime                                ./out/obj/stm32f0xx_usart.o
USART_SetPrescaler                                ./out/obj/stm32f0xx_usart.o
USART_SetReceiverTimeOut                          ./out/obj/stm32f0xx_usart.o
USART_SmartCardCmd                                ./out/obj/stm32f0xx_usart.o
USART_SmartCardNACKCmd                            ./out/obj/stm32f0xx_usart.o
USART_StopModeWakeUpSourceConfig                  ./out/obj/stm32f0xx_usart.o
USART_StructInit                                  ./out/obj/stm32f0xx_usart.o
WWDG_ClearFlag                                    ./out/obj/stm32f0xx_wwdg.o
WWDG_DeInit                                       ./out/obj/stm32f0xx_wwdg.o
WWDG_Enable                                       ./out/obj/stm32f0xx_wwdg.o
WWDG_EnableIT                                     ./out/obj/stm32f0xx_wwdg.o
WWDG_GetFlagStatus                                ./out/obj/stm32f0xx_wwdg.o
WWDG_IRQHandler                                   ./out/obj/startup_stm32f030x6.o
WWDG_SetCounter                                   ./out/obj/stm32f0xx_wwdg.o
WWDG_SetPrescaler                                 ./out/obj/stm32f0xx_wwdg.o
WWDG_SetWindowValue                               ./out/obj/stm32f0xx_wwdg.o
__aeabi_idiv0                                     c:/myprograms/sublime text build 3126/gnu tools arm embedded/bin/../lib/gcc/arm-none-eabi/4.9.3/armv6-m\libgcc.a(_dvmd_tls.o)
                                                  c:/myprograms/sublime text build 3126/gnu tools arm embedded/bin/../lib/gcc/arm-none-eabi/4.9.3/armv6-m\libgcc.a(_udivsi3.o)
__aeabi_ldiv0                                     c:/myprograms/sublime text build 3126/gnu tools arm embedded/bin/../lib/gcc/arm-none-eabi/4.9.3/armv6-m\libgcc.a(_dvmd_tls.o)
__aeabi_uidiv                                     c:/myprograms/sublime text build 3126/gnu tools arm embedded/bin/../lib/gcc/arm-none-eabi/4.9.3/armv6-m\libgcc.a(_udivsi3.o)
                                                  ./out/obj/main.o
                                                  ./out/obj/stm32f0xx_rcc.o
                                                  ./out/obj/stm32f0xx_usart.o
                                                  ./out/obj/stm32f0xx_spi.o
                                                  ./out/obj/system_stm32f0xx.o
__aeabi_uidivmod                                  c:/myprograms/sublime text build 3126/gnu tools arm embedded/bin/../lib/gcc/arm-none-eabi/4.9.3/armv6-m\libgcc.a(_udivsi3.o)
                                                  ./out/obj/stm32f0xx_usart.o
__udivsi3                                         c:/myprograms/sublime text build 3126/gnu tools arm embedded/bin/../lib/gcc/arm-none-eabi/4.9.3/armv6-m\libgcc.a(_udivsi3.o)
_ebss                                             ./out/obj/startup_stm32f030x6.o
_edata                                            ./out/obj/startup_stm32f030x6.o
_estack                                           ./out/obj/startup_stm32f030x6.o
_sbss                                             ./out/obj/startup_stm32f030x6.o
_sdata                                            ./out/obj/startup_stm32f030x6.o
_sidata                                           ./out/obj/startup_stm32f030x6.o
delay_count                                       ./out/obj/func.o
delay_ms                                          ./out/obj/func.o
                                                  ./out/obj/main.o
g_pfnVectors                                      ./out/obj/startup_stm32f030x6.o
main                                              ./out/obj/main.o
                                                  ./out/obj/startup_stm32f030x6.o
